

DAMlkcmd {
	global:
		plugin_version ;
		lib_init ;
		lib_fini ;
		lib_initmemalloc ;
		lib_caller ;
		lib_callfunc ;
		lib_callcmd ;
		lib_progaddr ;
		lib_proghave ;
		lib_progcall ;
		lib_progcalla ;
		lib_mainbegin ;
		lib_mainend ;
		lockmemalloc_init ;
		lockmemalloc_fini ;
		lockmemalloc_set ;
		uc_libmalloc ;
		uc_libcalloc ;
		uc_libvalloc ;
		uc_librealloc ;
		uc_libfree ;
		p_la ;
		b_la ;
		p_msu ;
		b_msu ;
		p_msinfo ;
		b_msinfo ;
		p_wn ;
		b_wn ;
		p_rename ;
		b_rename ;
		p_shcat ;
		b_shcat ;
		p_commandment ;
		b_commandment ;
		p_biblebook ;
		b_biblebook ;
		p_bibleverse ;
		b_bibleverse ;
		p_bibleq ;
		b_bibleq ;
		p_touch ;
		b_touch ;
		p_clustername ;
		b_clustername ;
		p_s ;
		b_s ;
		p_l ;
		b_l ;
		p_kshbi ;
		b_kshbi ;
		p_chacl ;
		b_chacl ;
		p_syncer ;
		b_syncer ;
		p_fileolder ;
		b_fileolder ;
		p_pathenum ;
		b_pathenum ;
		p_userinfo ;
		b_userinfo ;
		p_groupinfo ;
		b_groupinfo ;
		p_projectinfo ;
		b_projectinfo ;
		p_smesg ;
		b_smesg ;
		p_cutter ;
		b_cutter ;
		p_scanbad ;
		b_scanbad ;
		p_loghist ;
		b_loghist ;
		p_pt ;
		b_pt ;
		p_pathclean ;
		b_pathclean ;
		p_mailalias ;
		b_mailalias ;
		p_sanity ;
		b_sanity ;
		p_ismailaddr ;
		b_ismailaddr ;
		p_babies ;
		b_babies ;
		p_inproject ;
		b_inproject ;
		p_sysvar ;
		b_sysvar ;
		p_mxalias ;
		b_mxalias ;
		p_issue ;
		b_issue ;
		p_motd ;
		b_motd ;
		p_holiday ;
		b_holiday ;
		p_logfile ;
		b_logfile ;
		p_username ;
		b_username ;
		p_userhome ;
		b_userhome ;
		p_userdir ;
		b_userdir ;
		p_logdir ;
		b_logdir ;
		p_imail ;
		b_imail ;
		p_numcvt ;
		b_numcvt ;
		p_querystring ;
		b_querystring ;
		p_rmshm ;
		b_rmshm ;
		p_fsinfo ;
		b_fsinfo ;
		p_logadm ;
		b_logadm ;
		p_loginblurb ;
		b_loginblurb ;
		p_isfile ;
		b_isfile ;
		p_cal ;
		b_cal ;
		p_mkwords ;
		b_mkwords ;
		p_pcsconf ;
		b_pcsconf ;
		p_pcsuserinfo ;
		b_pcsuserinfo ;
		p_pcsname ;
		b_pcsname ;
		p_pcsprojinfo ;
		b_pcsprojinfo ;
		p_pcsorg ;
		b_pcsorg ;
		p_fibonacci ;
		b_fibonacci ;
		p_makenewer ;
		b_makenewer ;
		p_sysval ;
		b_sysval ;
		p_netload ;
		b_netload ;
		p_doubletext ;
		b_doubletext ;
		p_logsys ;
		b_logsys ;
		p_termadm ;
		b_termadm ;
		p_conslog ;
		b_conslog ;
		p_termnote ;
		b_termnote ;
		p_uuidgen ;
		b_uuidgen ;
		p_mjd ;
		b_mjd ;
		p_rest ;
		b_rest ;
		p_qotd ;
		b_qotd ;
		p_look ;
		b_look ;
		p_append ;
		b_append ;
		b_rfinger ;
		p_rfinger ;
		b_shells ;
		p_shells ;
		b_temp ;
		p_temp ;
		b_lastlog ;
		p_lastlog ;
		b_mailnew ;
		p_mailnew ;
		b_strerror ;
		p_strerror ;
		b_sysdb ;
		p_sysdb ;
		b_mbproc ;
		p_mbproc ;
		b_mbexpire ;
		p_mbexpire ;
		b_homepage ;
		p_homepage ;
		b_progcheck ;
		p_progcheck ;
		b_calyear ;
		p_calyear ;
		b_inetping ;
		p_inetping ;
		b_linefold ;
		p_linefold ;
		b_linefill ;
		p_linefill ;
		b_fmt ;
		p_fmt ;
		b_mfmt ;
		p_mfmt ;
		b_isproc ;
		p_isproc ;
		b_isnotrunning ;
		p_isnotrunning ;
		b_isNotRunning ;
		p_isNotRunning ;
		b_webcounter ;
		p_webcounter ;
	local:
		* ;
} ;


